// Jest Snapshot v1, https://goo.gl/fbAQLP

exports[`проверка ContentText отрисовка ContentText 1`] = `
<p
  className="text"
>
  Lorem ipsum dolor, sit amet consectetur adipisicing elit. Tenetur quod velit rem consequuntur nihil ullam, dicta modi nostrum dolore saepe illum provident quae asperiores excepturi possimus, fuga, distinctio officia numquam? Modi quam nihil sit atque vel facilis deserunt maiores maxime sed doloribus eos rerum corporis odio quae laudantium officia omnis nobis, hic in explicabo, ipsa veritatis ipsum distinctio ipsam! Mollitia? Quibusdam sed debitis, nisi minus dolores mollitia voluptatem laboriosam fugiat cumque, est quis? Tenetur ab dicta, repellendus eum, sunt saepe totam facere illo non aut explicabo et nulla! Aperiam, amet. Doloremque rem ipsa deleniti et sequi accusantium atque quis illo laborum dolore, alias dicta hic voluptas amet suscipit eaque, commodi, ut repellat dolorem. Exercitationem corporis ex ea dignissimos veniam quia.
</p>
`;
